taskset -c 0 build-wsl/wfc_benchmark --sample samples/binary_5x5.txt --sizes 64 --threads 1 --repeats 6 --seed 41 --N 2 --attempts 5 --label serial_1_64 --backends serial -o bench/results/2026-09-12/raw/serial_1_64.csv
serial_1_64: 6/6 successful solves
taskset -c 0 build-wsl/wfc_benchmark --sample samples/binary_5x5.txt --sizes 64 --threads 1 --repeats 6 --seed 41 --N 2 --attempts 5 --label omp_1_64 --backends omp -o bench/results/2026-09-12/raw/omp_1_64.csv
omp_1_64: 6/6 successful solves
taskset -c 0,2 build-wsl/wfc_benchmark --sample samples/binary_5x5.txt --sizes 64 --threads 2 --repeats 6 --seed 41 --N 2 --attempts 5 --label omp_2_64 --backends omp -o bench/results/2026-09-12/raw/omp_2_64.csv
omp_2_64: 6/6 successful solves
taskset -c 0,2,4,6 build-wsl/wfc_benchmark --sample samples/binary_5x5.txt --sizes 64 --threads 4 --repeats 6 --seed 41 --N 2 --attempts 5 --label omp_4_64 --backends omp -o bench/results/2026-09-12/raw/omp_4_64.csv
omp_4_64: 6/6 successful solves
taskset -c 0,2,4,6,8,10,12,14 build-wsl/wfc_benchmark --sample samples/binary_5x5.txt --sizes 64 --threads 8 --repeats 6 --seed 41 --N 2 --attempts 5 --label omp_8_64 --backends omp -o bench/results/2026-09-12/raw/omp_8_64.csv
omp_8_64: 6/6 successful solves
taskset -c 0 build-wsl/wfc_benchmark --sample samples/binary_5x5.txt --sizes 128 --threads 1 --repeats 6 --seed 41 --N 2 --attempts 5 --label serial_1_128 --backends serial -o bench/results/2026-09-12/raw/serial_1_128.csv
serial_1_128: 6/6 successful solves
taskset -c 0 build-wsl/wfc_benchmark --sample samples/binary_5x5.txt --sizes 128 --threads 1 --repeats 6 --seed 41 --N 2 --attempts 5 --label omp_1_128 --backends omp -o bench/results/2026-09-12/raw/omp_1_128.csv
omp_1_128: 6/6 successful solves
taskset -c 0,2 build-wsl/wfc_benchmark --sample samples/binary_5x5.txt --sizes 128 --threads 2 --repeats 6 --seed 41 --N 2 --attempts 5 --label omp_2_128 --backends omp -o bench/results/2026-09-12/raw/omp_2_128.csv
omp_2_128: 6/6 successful solves
taskset -c 0,2,4,6 build-wsl/wfc_benchmark --sample samples/binary_5x5.txt --sizes 128 --threads 4 --repeats 6 --seed 41 --N 2 --attempts 5 --label omp_4_128 --backends omp -o bench/results/2026-09-12/raw/omp_4_128.csv
omp_4_128: 6/6 successful solves
taskset -c 0,2,4,6,8,10,12,14 build-wsl/wfc_benchmark --sample samples/binary_5x5.txt --sizes 128 --threads 8 --repeats 6 --seed 41 --N 2 --attempts 5 --label omp_8_128 --backends omp -o bench/results/2026-09-12/raw/omp_8_128.csv
omp_8_128: 6/6 successful solves
[
  {
    "size": 64,
    "backend": "serial",
    "threads": 1,
    "n": 5,
    "median_s": 0.212073,
    "q1_s": 0.211757,
    "q3_s": 0.21457,
    "iqr_s": 0.00281300000000001,
    "speedup_vs_serial": 1.0
  },
  {
    "size": 64,
    "backend": "omp",
    "threads": 1,
    "n": 5,
    "median_s": 0.219687,
    "q1_s": 0.21847,
    "q3_s": 0.220033,
    "iqr_s": 0.0015630000000000088,
    "speedup_vs_serial": 0.9653415996394872
  },
  {
    "size": 64,
    "backend": "omp",
    "threads": 2,
    "n": 5,
    "median_s": 0.569424,
    "q1_s": 0.565393,
    "q3_s": 0.571919,
    "iqr_s": 0.006525999999999921,
    "speedup_vs_serial": 0.37243424934670827
  },
  {
    "size": 64,
    "backend": "omp",
    "threads": 4,
    "n": 5,
    "median_s": 0.947773,
    "q1_s": 0.91304,
    "q3_s": 0.977212,
    "iqr_s": 0.064172,
    "speedup_vs_serial": 0.2237592756915422
  },
  {
    "size": 64,
    "backend": "omp",
    "threads": 8,
    "n": 5,
    "median_s": 1.67572,
    "q1_s": 1.65863,
    "q3_s": 1.68839,
    "iqr_s": 0.02976000000000001,
    "speedup_vs_serial": 0.12655634592891413
  },
  {
    "size": 128,
    "backend": "serial",
    "threads": 1,
    "n": 5,
    "median_s": 3.34768,
    "q1_s": 3.33983,
    "q3_s": 3.35775,
    "iqr_s": 0.017919999999999714,
    "speedup_vs_serial": 1.0
  },
  {
    "size": 128,
    "backend": "omp",
    "threads": 1,
    "n": 5,
    "median_s": 3.46446,
    "q1_s": 3.44475,
    "q3_s": 3.4852,
    "iqr_s": 0.040449999999999875,
    "speedup_vs_serial": 0.9662920051032484
  },
  {
    "size": 128,
    "backend": "omp",
    "threads": 2,
    "n": 5,
    "median_s": 4.12169,
    "q1_s": 3.97055,
    "q3_s": 4.26348,
    "iqr_s": 0.2929300000000006,
    "speedup_vs_serial": 0.8122105252942361
  },
  {
    "size": 128,
    "backend": "omp",
    "threads": 4,
    "n": 5,
    "median_s": 5.30008,
    "q1_s": 5.1867,
    "q3_s": 5.46266,
    "iqr_s": 0.27595999999999954,
    "speedup_vs_serial": 0.6316282018384628
  },
  {
    "size": 128,
    "backend": "omp",
    "threads": 8,
    "n": 5,
    "median_s": 8.53654,
    "q1_s": 8.42552,
    "q3_s": 8.62062,
    "iqr_s": 0.19510000000000005,
    "speedup_vs_serial": 0.39215888404435517
  }
]
Completed benchmark and captured the separate contradiction example
